// Jest Snapshot v1, https://goo.gl/fbAQLP

exports[`NavMenu component has the expected html structure 1`] = `<!---->`;
